// Jest Snapshot v1, https://goo.gl/fbAQLP

exports[`snapshot test level 6 1`] = `
<div
  className="container"
>
  <div
    className="boardcontainer2"
  >
    <div
      className="board6"
    >
      <div
        className="box"
        data-col={0}
        data-row={0}
      />
      <div
        className="box"
        data-col={1}
        data-row={0}
      />
      <div
        className="box"
        data-col={2}
        data-row={0}
      />
      <div
        className="box"
        data-col={3}
        data-row={0}
      >
        <img
          alt="f"
          class="food"
          id="food"
          src="assets/food.png"
        />
      </div>
      <div
        className="box"
        data-col={0}
        data-row={1}
      />
      <div
        className="box"
        data-col={1}
        data-row={1}
      >
        <img
          alt="f"
          class="hole"
          id="holeTwo"
          src="assets/hole.png"
        />
      </div>
      <div
        className="box"
        data-col={2}
        data-row={1}
      />
      <div
        className="box"
        data-col={3}
        data-row={1}
      />
      <div
        className="box"
        data-col={0}
        data-row={2}
      >
        <img
          alt="d"
          class="dog"
          id="dog"
          src="assets/dog.png"
        />
      </div>
      <div
        className="box"
        data-col={1}
        data-row={2}
      />
      <div
        className="box"
        data-col={2}
        data-row={2}
      />
      <div
        className="box"
        data-col={3}
        data-row={2}
      />
    </div>
  </div>
  <div
    className="bottom-panel"
  >
    <div
      class="border"
    >
      <div
        class="level5Contain"
      >
        <h2>
          Level 6:
        </h2>
        <div
          class="speech"
        >
          Your aim for this level is to help the dog get to the food, you have to use the while command to limit the amount of times you repeat the commands. You have use the if statement to jump the hole. You have to use the same number or less number of commands mentioned in the top right corner.
          <br />
           Good luck! 
          <br />
           (To learn more about while and if statement click the i below)
        </div>
        <div
          class="borderPanel"
        >
          <div
            class="toppart"
          >
            <div
              class="containing"
            >
              <p
                class="number"
                data-testid="counter"
                id="count"
              >
                0/5
              </p>
            </div>
            <p
              class="titles"
            >
              Enter Sequence:
            </p>
            <p
              class="lists"
              id="action"
            />
          </div>
        </div>
        <div
          class="outside"
        >
          <button
            class="button"
            disabled={false}
            onClick={[Function]}
            type="submit"
          >
            Left
          </button>
          <button
            class="button"
            disabled={false}
            onClick={[Function]}
            type="submit"
          >
            Up
          </button>
          <button
            class="button"
            disabled={false}
            onClick={[Function]}
            type="submit"
          >
            Down
          </button>
          <button
            class="button"
            disabled={false}
            onClick={[Function]}
            type="submit"
          >
            Right
          </button>
          <div
            class="buttons-wrapper5"
          >
            <button
              class="seemingly-inner-button"
              disabled={false}
              onClick={[Function]}
            >
              <i
                class="fa fa-info"
              />
            </button>
            <button
              class="button"
              disabled={false}
              onClick={[Function]}
              type="submit"
            >
              While
            </button>
          </div>
          <div
            class="buttons-wrapper5"
          >
            <button
              class="seemingly-inner-button"
              disabled={false}
              onClick={[Function]}
            >
              <i
                class="fa fa-info"
              />
            </button>
            <button
              class="button"
              disabled={false}
              onClick={[Function]}
            >
              If Statement
            </button>
          </div>
          <button
            class="button"
            disabled={false}
            onClick={[Function]}
            type="submit"
          >
            Jump
          </button>
          <button
            class="buttonClear"
            disabled={false}
            onClick={[Function]}
            type="submit"
          >
            Clear
          </button>
          <button
            class="buttonSub"
            disabled={false}
            onClick={[Function]}
            type="submit"
          >
             Submit
          </button>
        </div>
      </div>
    </div>
  </div>
</div>
`;
